// Jest Snapshot v1, https://goo.gl/fbAQLP

exports[`no-errors --error-on-any matches snapshot 1`] = `
"^DNo errors!
"
`;

exports[`no-errors --no-error matches snapshot 1`] = `
"^DNo errors!
"
`;

exports[`no-errors -a matches snapshot 1`] = `
"^DNo errors!
"
`;

exports[`no-errors -n matches snapshot 1`] = `
"^DNo errors!
"
`;

exports[`no-errors NONE matches snapshot 1`] = `
"^DNo errors!
"
`;

exports[`package-errors --error-on-any matches snapshot 1`] = `
"
Found 1 error
      1 suppressed
      0 shown

"
`;

exports[`package-errors --no-error matches snapshot 1`] = `
"
Found 1 error
      1 suppressed
      0 shown

"
`;

exports[`package-errors -a matches snapshot 1`] = `
"
Found 1 error
      1 suppressed
      0 shown

"
`;

exports[`package-errors -n matches snapshot 1`] = `
"
Found 1 error
      1 suppressed
      0 shown

"
`;

exports[`package-errors NONE matches snapshot 1`] = `
"
Found 1 error
      1 suppressed
      0 shown

"
`;

exports[`script-errors --error-on-any matches snapshot 1`] = `
"^D[31;1mError:[0m[0m [0m[0;4mindex.js:4[0m[0m
[0m[0;1m  4: [0m[0mfoo([0m[31m42[0m[0m);[0m[0;1m
         ^^ number. This type is incompatible with the expected param type of[0m[0m[0m[0m
[0m[0;1m  3: [0m[0mfunction foo(bar: [0m[31mstring[0m[0m) {}[0m[0;1m
                       ^^^^^^ string[0m[0m[0m[0m
[0m[0m
[0m
Found 1 error
      0 suppressed
      1 shown

"
`;

exports[`script-errors --no-error matches snapshot 1`] = `
"^D[31;1mError:[0m[0m [0m[0;4mindex.js:4[0m[0m
[0m[0;1m  4: [0m[0mfoo([0m[31m42[0m[0m);[0m[0;1m
         ^^ number. This type is incompatible with the expected param type of[0m[0m[0m[0m
[0m[0;1m  3: [0m[0mfunction foo(bar: [0m[31mstring[0m[0m) {}[0m[0;1m
                       ^^^^^^ string[0m[0m[0m[0m
[0m[0m
[0m
Found 1 error
      0 suppressed
      1 shown

"
`;

exports[`script-errors -a matches snapshot 1`] = `
"^D[31;1mError:[0m[0m [0m[0;4mindex.js:4[0m[0m
[0m[0;1m  4: [0m[0mfoo([0m[31m42[0m[0m);[0m[0;1m
         ^^ number. This type is incompatible with the expected param type of[0m[0m[0m[0m
[0m[0;1m  3: [0m[0mfunction foo(bar: [0m[31mstring[0m[0m) {}[0m[0;1m
                       ^^^^^^ string[0m[0m[0m[0m
[0m[0m
[0m
Found 1 error
      0 suppressed
      1 shown

"
`;

exports[`script-errors -n matches snapshot 1`] = `
"^D[31;1mError:[0m[0m [0m[0;4mindex.js:4[0m[0m
[0m[0;1m  4: [0m[0mfoo([0m[31m42[0m[0m);[0m[0;1m
         ^^ number. This type is incompatible with the expected param type of[0m[0m[0m[0m
[0m[0;1m  3: [0m[0mfunction foo(bar: [0m[31mstring[0m[0m) {}[0m[0;1m
                       ^^^^^^ string[0m[0m[0m[0m
[0m[0m
[0m
Found 1 error
      0 suppressed
      1 shown

"
`;

exports[`script-errors NONE matches snapshot 1`] = `
"^D[31;1mError:[0m[0m [0m[0;4mindex.js:4[0m[0m
[0m[0;1m  4: [0m[0mfoo([0m[31m42[0m[0m);[0m[0;1m
         ^^ number. This type is incompatible with the expected param type of[0m[0m[0m[0m
[0m[0;1m  3: [0m[0mfunction foo(bar: [0m[31mstring[0m[0m) {}[0m[0;1m
                       ^^^^^^ string[0m[0m[0m[0m
[0m[0m
[0m
Found 1 error
      0 suppressed
      1 shown

"
`;
